
> frontend@0.1.0 build
> next build

node.exe : [baseline-browser-mapping] The data in this module is over two months old.  To ensure accurate Baseline data, please update: `npm i baseline-browser-mapping@latest -D`
At line:1 char:1
+ & "C:\Program Files\nodejs/node.exe" "C:\Program Files\nodejs/node_mo ...
+ ~~~~~~~~~~~~~~~~~~~~~~~~~~~~~~~~~~~~~~~~~~~~~~~~~~~~~~~~~~~~~~~~~~~~~
    + CategoryInfo              : NotSpeci    fied: ([baseline-    brows...ping@late    st -D`:String) []    , RemoteException
    + FullyQualifiedE    rrorId : NativeCo    mmandError
 
   Γû▓ Next.js 16.0.5 (Turbopack)

   Creating an optimized production build ...
[baseline-browser-mapping] The data in this module is over two months old.  To ensure accurate Baseline data, please update: `npm i baseline-browser-mapping@latest -D`

> Build error occurred
Error: Turbopack build failed with 1 errors:
./src/app/lands/[id]/page.tsx:6:13
Ecmascript file had an error
[0m [90m 4 |[39m [36mimport[39m dynamic [36mfrom[39m [32m'next/dynamic'[39m[33m;[39m
 [90m 5 |[39m
[31m[1m>[22m[39m[90m 6 |[39m [36mconst[39m [33mMap[39m [33m=[39m dynamic(() [33m=>[39m [36mimport[39m([32m'@/components/Map'[39m)[33m,[39m { ssr[33m:[39m [36mfalse[39m })[33m;[39m
 [90m   |[39m             [31m[1m^[22m[39m[31m[1m^[22m[39m[31m[1m^[22m[39m[31m[1m^[22m[39m[31m[1m^[22m[39m[31m[1m^[22m[39m[31m[1m^[22m[39m[31m[1m^[22m[39m[31m[1m^[22m[39m[31m[1m^[22m[39m[31m[1m^[22m
[39m[31m[1m^[22m[39m[31m[1m^[22m[39m[31m[1m^[22m[39m[31m[1m^[22m[39m[31m[1m^[22m[39m[31m[1m^[22m[39m[31m[1m^[22m[39m[31m[1m^[22m[39m[31m[1m^[22m[39m[31m[1m^[22m[39m[31m[1m^[22m[39m[31m[1m^[22m[3
9m[31m[1m^[22m[39m[31m[1m^[22m[39m[31m[1m^[22m[39m[31m[1m^[22m[39m[31m[1m^[22m[39m[31m[1m^[22m[39m[31m[1m^[22m[39m[31m[1m^[22m[39m[31m[1m^[22m[39m[31m[1m^[22m[39m[31m[1m^[22m[39m[31m[1m^[22m[39m
[31m[1m^[22m[39m[31m[1m^[22m[39m[31m[1m^[22m[39m[31m[1m^[22m[39m[31m[1m^[22m[39m[31m[1m^[22m[39m[31m[1m^[22m[39m[31m[1m^[22m[39m[31m[1m^[22m[39m[31m[1m^[22m[39m[31m[1m^[22m[39m[31m[1m^[22m[39m[31
m[1m^[22m[39m[31m[1m^[22m[39m[31m[1m^[22m[39m[31m[1m^[22m[39m[31m[1m^[22m[39m[31m[1m^[22m[39m[31m[1m^[22m[39m[31m[1m^[22m[39m[31m[1m^[22m[39m[31m[1m^[22m[39m
 [90m 7 |[39m
 [90m 8 |[39m [36mexport[39m [36mdefault[39m [36mfunction[39m [33mLandDetails[39m({ params }[33m:[39m { params[33m:[39m { id[33m:[39m string } }) {
 [90m 9 |[39m     [36mreturn[39m ([0m

`ssr: false` is not allowed with `next/dynamic` in Server Components. Please move it into a Client Component.


    at <unknown> (./src/app/lands/[id]/page.tsx:6:13)
